Archive member included to satisfy reference by file (symbol)

c:/program files (x86)/atmel/studio/7.0/toolchain/avr8/avr8-gnu-toolchain/bin/../lib/gcc/avr/5.4.0/avr4\libgcc.a(_exit.o)
                              C:/Program Files (x86)/Atmel/Studio/7.0/Packs/atmel/ATmega_DFP/1.2.209/gcc/dev/atmega8a/avr4/crtatmega8a.o (exit)
c:/program files (x86)/atmel/studio/7.0/toolchain/avr8/avr8-gnu-toolchain/bin/../lib/gcc/avr/5.4.0/avr4\libgcc.a(_clear_bss.o)
                              drivers/drv_UART.o (__do_clear_bss)
C:/Program Files (x86)/Atmel/Studio/7.0/Packs/atmel/ATmega_DFP/1.2.209/gcc/dev/atmega8a/avr4\libatmega8a.a(eerd_block.o)
                              fsms/system.o (eeprom_read_block)
C:/Program Files (x86)/Atmel/Studio/7.0/Packs/atmel/ATmega_DFP/1.2.209/gcc/dev/atmega8a/avr4\libatmega8a.a(eewr_block.o)
                              fsms/system.o (eeprom_write_block)
C:/Program Files (x86)/Atmel/Studio/7.0/Packs/atmel/ATmega_DFP/1.2.209/gcc/dev/atmega8a/avr4\libatmega8a.a(eewr_byte.o)
                              C:/Program Files (x86)/Atmel/Studio/7.0/Packs/atmel/ATmega_DFP/1.2.209/gcc/dev/atmega8a/avr4\libatmega8a.a(eewr_block.o) (eeprom_write_r18)

Allocating common symbols
Common symbol       size              file

pars_buffer         0x14              libs/parser.o
uart_tx_buffer      0x1f4             drivers/drv_UART.o
fan                 0xc               global_vars.o
BroadcastMessages   0x4               libs/messages.o
tsens               0x10              global_vars.o
words               0x6               libs/parser.o
Messages            0x30              libs/messages.o
device              0x7               global_vars.o
uart_rx_buffer      0x14              drivers/drv_UART.o
ows                 0x19              global_vars.o

Discarded input sections

 .data          0x00000000        0x0 C:/Program Files (x86)/Atmel/Studio/7.0/Packs/atmel/ATmega_DFP/1.2.209/gcc/dev/atmega8a/avr4/crtatmega8a.o
 .bss           0x00000000        0x0 C:/Program Files (x86)/Atmel/Studio/7.0/Packs/atmel/ATmega_DFP/1.2.209/gcc/dev/atmega8a/avr4/crtatmega8a.o
 .text          0x00000000        0x0 drivers/drv_UART.o
 .data          0x00000000        0x0 drivers/drv_UART.o
 .bss           0x00000000        0x0 drivers/drv_UART.o
 .text          0x00000000        0x0 fsms/button.o
 .data          0x00000000        0x0 fsms/button.o
 .bss           0x00000000        0x0 fsms/button.o
 .text          0x00000000        0x0 fsms/fan.o
 .data          0x00000000        0x0 fsms/fan.o
 .bss           0x00000000        0x0 fsms/fan.o
 .text          0x00000000        0x0 fsms/leds.o
 .data          0x00000000        0x0 fsms/leds.o
 .bss           0x00000000        0x0 fsms/leds.o
 .text          0x00000000        0x0 fsms/ows.o
 .data          0x00000000        0x0 fsms/ows.o
 .bss           0x00000000        0x0 fsms/ows.o
 .avr.prop      0x00000000       0x16 fsms/ows.o
 .text          0x00000000        0x0 fsms/system.o
 .data          0x00000000        0x0 fsms/system.o
 .bss           0x00000000        0x0 fsms/system.o
 .avr.prop      0x00000000       0x16 fsms/system.o
 .text          0x00000000        0x0 fsms/ds18x20.o
 .data          0x00000000        0x0 fsms/ds18x20.o
 .bss           0x00000000        0x0 fsms/ds18x20.o
 .text          0x00000000        0x0 fsms/uart.o
 .data          0x00000000        0x0 fsms/uart.o
 .bss           0x00000000        0x0 fsms/uart.o
 .avr.prop      0x00000000       0x16 fsms/uart.o
 .text          0x00000000        0x0 global_vars.o
 .data          0x00000000        0x0 global_vars.o
 .bss           0x00000000        0x0 global_vars.o
 .text          0x00000000        0x0 libs/messages.o
 .data          0x00000000        0x0 libs/messages.o
 .bss           0x00000000        0x0 libs/messages.o
 .text          0x00000000        0x0 libs/parser.o
 .data          0x00000000        0x0 libs/parser.o
 .bss           0x00000000        0x0 libs/parser.o
 .text.PARS_StrCmp
                0x00000000       0x34 libs/parser.o
 .text.PARS_StrToUint16t
                0x00000000       0x30 libs/parser.o
 .text          0x00000000        0x0 libs/conv.o
 .data          0x00000000        0x0 libs/conv.o
 .bss           0x00000000        0x0 libs/conv.o
 .text          0x00000000        0x0 libs/swtimers.o
 .data          0x00000000        0x0 libs/swtimers.o
 .bss           0x00000000        0x0 libs/swtimers.o
 .text          0x00000000        0x0 main.o
 .data          0x00000000        0x0 main.o
 .bss           0x00000000        0x0 main.o
 .text          0x00000000        0x0 strings.o
 .data          0x00000000        0x0 strings.o
 .bss           0x00000000        0x0 strings.o
 .progmem.data.SPACE
                0x00000000        0x2 strings.o
 .progmem.data.OK
                0x00000000        0x3 strings.o
 .progmem.data.COLON
                0x00000000        0x2 strings.o
 .text          0x00000000        0x0 c:/program files (x86)/atmel/studio/7.0/toolchain/avr8/avr8-gnu-toolchain/bin/../lib/gcc/avr/5.4.0/avr4\libgcc.a(_exit.o)
 .data          0x00000000        0x0 c:/program files (x86)/atmel/studio/7.0/toolchain/avr8/avr8-gnu-toolchain/bin/../lib/gcc/avr/5.4.0/avr4\libgcc.a(_exit.o)
 .bss           0x00000000        0x0 c:/program files (x86)/atmel/studio/7.0/toolchain/avr8/avr8-gnu-toolchain/bin/../lib/gcc/avr/5.4.0/avr4\libgcc.a(_exit.o)
 .text.libgcc.mul
                0x00000000        0x0 c:/program files (x86)/atmel/studio/7.0/toolchain/avr8/avr8-gnu-toolchain/bin/../lib/gcc/avr/5.4.0/avr4\libgcc.a(_exit.o)
 .text.libgcc.div
                0x00000000        0x0 c:/program files (x86)/atmel/studio/7.0/toolchain/avr8/avr8-gnu-toolchain/bin/../lib/gcc/avr/5.4.0/avr4\libgcc.a(_exit.o)
 .text.libgcc   0x00000000        0x0 c:/program files (x86)/atmel/studio/7.0/toolchain/avr8/avr8-gnu-toolchain/bin/../lib/gcc/avr/5.4.0/avr4\libgcc.a(_exit.o)
 .text.libgcc.prologue
                0x00000000        0x0 c:/program files (x86)/atmel/studio/7.0/toolchain/avr8/avr8-gnu-toolchain/bin/../lib/gcc/avr/5.4.0/avr4\libgcc.a(_exit.o)
 .text.libgcc.builtins
                0x00000000        0x0 c:/program files (x86)/atmel/studio/7.0/toolchain/avr8/avr8-gnu-toolchain/bin/../lib/gcc/avr/5.4.0/avr4\libgcc.a(_exit.o)
 .text.libgcc.fmul
                0x00000000        0x0 c:/program files (x86)/atmel/studio/7.0/toolchain/avr8/avr8-gnu-toolchain/bin/../lib/gcc/avr/5.4.0/avr4\libgcc.a(_exit.o)
 .text.libgcc.fixed
                0x00000000        0x0 c:/program files (x86)/atmel/studio/7.0/toolchain/avr8/avr8-gnu-toolchain/bin/../lib/gcc/avr/5.4.0/avr4\libgcc.a(_exit.o)
 .text          0x00000000        0x0 c:/program files (x86)/atmel/studio/7.0/toolchain/avr8/avr8-gnu-toolchain/bin/../lib/gcc/avr/5.4.0/avr4\libgcc.a(_clear_bss.o)
 .data          0x00000000        0x0 c:/program files (x86)/atmel/studio/7.0/toolchain/avr8/avr8-gnu-toolchain/bin/../lib/gcc/avr/5.4.0/avr4\libgcc.a(_clear_bss.o)
 .bss           0x00000000        0x0 c:/program files (x86)/atmel/studio/7.0/toolchain/avr8/avr8-gnu-toolchain/bin/../lib/gcc/avr/5.4.0/avr4\libgcc.a(_clear_bss.o)
 .text.libgcc.mul
                0x00000000        0x0 c:/program files (x86)/atmel/studio/7.0/toolchain/avr8/avr8-gnu-toolchain/bin/../lib/gcc/avr/5.4.0/avr4\libgcc.a(_clear_bss.o)
 .text.libgcc.div
                0x00000000        0x0 c:/program files (x86)/atmel/studio/7.0/toolchain/avr8/avr8-gnu-toolchain/bin/../lib/gcc/avr/5.4.0/avr4\libgcc.a(_clear_bss.o)
 .text.libgcc   0x00000000        0x0 c:/program files (x86)/atmel/studio/7.0/toolchain/avr8/avr8-gnu-toolchain/bin/../lib/gcc/avr/5.4.0/avr4\libgcc.a(_clear_bss.o)
 .text.libgcc.prologue
                0x00000000        0x0 c:/program files (x86)/atmel/studio/7.0/toolchain/avr8/avr8-gnu-toolchain/bin/../lib/gcc/avr/5.4.0/avr4\libgcc.a(_clear_bss.o)
 .text.libgcc.builtins
                0x00000000        0x0 c:/program files (x86)/atmel/studio/7.0/toolchain/avr8/avr8-gnu-toolchain/bin/../lib/gcc/avr/5.4.0/avr4\libgcc.a(_clear_bss.o)
 .text.libgcc.fmul
                0x00000000        0x0 c:/program files (x86)/atmel/studio/7.0/toolchain/avr8/avr8-gnu-toolchain/bin/../lib/gcc/avr/5.4.0/avr4\libgcc.a(_clear_bss.o)
 .text.libgcc.fixed
                0x00000000        0x0 c:/program files (x86)/atmel/studio/7.0/toolchain/avr8/avr8-gnu-toolchain/bin/../lib/gcc/avr/5.4.0/avr4\libgcc.a(_clear_bss.o)
 .text          0x00000000        0x0 C:/Program Files (x86)/Atmel/Studio/7.0/Packs/atmel/ATmega_DFP/1.2.209/gcc/dev/atmega8a/avr4\libatmega8a.a(eerd_block.o)
 .data          0x00000000        0x0 C:/Program Files (x86)/Atmel/Studio/7.0/Packs/atmel/ATmega_DFP/1.2.209/gcc/dev/atmega8a/avr4\libatmega8a.a(eerd_block.o)
 .bss           0x00000000        0x0 C:/Program Files (x86)/Atmel/Studio/7.0/Packs/atmel/ATmega_DFP/1.2.209/gcc/dev/atmega8a/avr4\libatmega8a.a(eerd_block.o)
 .text          0x00000000        0x0 C:/Program Files (x86)/Atmel/Studio/7.0/Packs/atmel/ATmega_DFP/1.2.209/gcc/dev/atmega8a/avr4\libatmega8a.a(eewr_block.o)
 .data          0x00000000        0x0 C:/Program Files (x86)/Atmel/Studio/7.0/Packs/atmel/ATmega_DFP/1.2.209/gcc/dev/atmega8a/avr4\libatmega8a.a(eewr_block.o)
 .bss           0x00000000        0x0 C:/Program Files (x86)/Atmel/Studio/7.0/Packs/atmel/ATmega_DFP/1.2.209/gcc/dev/atmega8a/avr4\libatmega8a.a(eewr_block.o)
 .text          0x00000000        0x0 C:/Program Files (x86)/Atmel/Studio/7.0/Packs/atmel/ATmega_DFP/1.2.209/gcc/dev/atmega8a/avr4\libatmega8a.a(eewr_byte.o)
 .data          0x00000000        0x0 C:/Program Files (x86)/Atmel/Studio/7.0/Packs/atmel/ATmega_DFP/1.2.209/gcc/dev/atmega8a/avr4\libatmega8a.a(eewr_byte.o)
 .bss           0x00000000        0x0 C:/Program Files (x86)/Atmel/Studio/7.0/Packs/atmel/ATmega_DFP/1.2.209/gcc/dev/atmega8a/avr4\libatmega8a.a(eewr_byte.o)

Memory Configuration

Name             Origin             Length             Attributes
text             0x00000000         0x00002000         xr
data             0x00800060         0x0000ffa0         rw !x
eeprom           0x00810000         0x00010000         rw !x
fuse             0x00820000         0x00000002         rw !x
lock             0x00830000         0x00000400         rw !x
signature        0x00840000         0x00000400         rw !x
user_signatures  0x00850000         0x00000400         rw !x
*default*        0x00000000         0xffffffff

Linker script and memory map

LOAD C:/Program Files (x86)/Atmel/Studio/7.0/Packs/atmel/ATmega_DFP/1.2.209/gcc/dev/atmega8a/avr4/crtatmega8a.o
LOAD drivers/drv_UART.o
LOAD fsms/button.o
LOAD fsms/fan.o
LOAD fsms/leds.o
LOAD fsms/ows.o
LOAD fsms/system.o
LOAD fsms/ds18x20.o
LOAD fsms/uart.o
LOAD global_vars.o
LOAD libs/messages.o
LOAD libs/parser.o
LOAD libs/conv.o
LOAD libs/swtimers.o
LOAD main.o
LOAD strings.o
START GROUP
LOAD c:/program files (x86)/atmel/studio/7.0/toolchain/avr8/avr8-gnu-toolchain/bin/../lib/gcc/avr/5.4.0/../../../../avr/lib/avr4\libm.a
END GROUP
START GROUP
LOAD c:/program files (x86)/atmel/studio/7.0/toolchain/avr8/avr8-gnu-toolchain/bin/../lib/gcc/avr/5.4.0/avr4\libgcc.a
LOAD c:/program files (x86)/atmel/studio/7.0/toolchain/avr8/avr8-gnu-toolchain/bin/../lib/gcc/avr/5.4.0/../../../../avr/lib/avr4\libm.a
LOAD c:/program files (x86)/atmel/studio/7.0/toolchain/avr8/avr8-gnu-toolchain/bin/../lib/gcc/avr/5.4.0/../../../../avr/lib/avr4\libc.a
LOAD C:/Program Files (x86)/Atmel/Studio/7.0/Packs/atmel/ATmega_DFP/1.2.209/gcc/dev/atmega8a/avr4\libatmega8a.a
END GROUP
                0x00002000                __TEXT_REGION_LENGTH__ = DEFINED (__TEXT_REGION_LENGTH__)?__TEXT_REGION_LENGTH__:0x2000
                0x0000ffa0                __DATA_REGION_LENGTH__ = DEFINED (__DATA_REGION_LENGTH__)?__DATA_REGION_LENGTH__:0xffa0
                0x00010000                __EEPROM_REGION_LENGTH__ = DEFINED (__EEPROM_REGION_LENGTH__)?__EEPROM_REGION_LENGTH__:0x10000
                [0x00000002]                __FUSE_REGION_LENGTH__ = DEFINED (__FUSE_REGION_LENGTH__)?__FUSE_REGION_LENGTH__:0x400
                0x00000400                __LOCK_REGION_LENGTH__ = DEFINED (__LOCK_REGION_LENGTH__)?__LOCK_REGION_LENGTH__:0x400
                0x00000400                __SIGNATURE_REGION_LENGTH__ = DEFINED (__SIGNATURE_REGION_LENGTH__)?__SIGNATURE_REGION_LENGTH__:0x400
                0x00000400                __USER_SIGNATURE_REGION_LENGTH__ = DEFINED (__USER_SIGNATURE_REGION_LENGTH__)?__USER_SIGNATURE_REGION_LENGTH__:0x400

.hash
 *(.hash)

.dynsym
 *(.dynsym)

.dynstr
 *(.dynstr)

.gnu.version
 *(.gnu.version)

.gnu.version_d
 *(.gnu.version_d)

.gnu.version_r
 *(.gnu.version_r)

.rel.init
 *(.rel.init)

.rela.init
 *(.rela.init)

.rel.text
 *(.rel.text)
 *(.rel.text.*)
 *(.rel.gnu.linkonce.t*)

.rela.text
 *(.rela.text)
 *(.rela.text.*)
 *(.rela.gnu.linkonce.t*)

.rel.fini
 *(.rel.fini)

.rela.fini
 *(.rela.fini)

.rel.rodata
 *(.rel.rodata)
 *(.rel.rodata.*)
 *(.rel.gnu.linkonce.r*)

.rela.rodata
 *(.rela.rodata)
 *(.rela.rodata.*)
 *(.rela.gnu.linkonce.r*)

.rel.data
 *(.rel.data)
 *(.rel.data.*)
 *(.rel.gnu.linkonce.d*)

.rela.data
 *(.rela.data)
 *(.rela.data.*)
 *(.rela.gnu.linkonce.d*)

.rel.ctors
 *(.rel.ctors)

.rela.ctors
 *(.rela.ctors)

.rel.dtors
 *(.rel.dtors)

.rela.dtors
 *(.rela.dtors)

.rel.got
 *(.rel.got)

.rela.got
 *(.rela.got)

.rel.bss
 *(.rel.bss)

.rela.bss
 *(.rela.bss)

.rel.plt
 *(.rel.plt)

.rela.plt
 *(.rela.plt)

.text           0x00000000     0x1d82
 *(.vectors)
 .vectors       0x00000000       0x26 C:/Program Files (x86)/Atmel/Studio/7.0/Packs/atmel/ATmega_DFP/1.2.209/gcc/dev/atmega8a/avr4/crtatmega8a.o
                0x00000000                __vector_default
                0x00000000                __vectors
 *(.vectors)
 *(.progmem.gcc*)
 .progmem.gcc_sw_table.FSM_OWS_Process
                0x00000026       0x10 fsms/ows.o
 .progmem.gcc_sw_table.FSM_SYSTEM_Process
                0x00000036       0x12 fsms/system.o
 .progmem.gcc_sw_table.FSM_UART_Process
                0x00000048       0x16 fsms/uart.o
                0x0000005e                . = ALIGN (0x2)
                0x0000005e                __trampolines_start = .
 *(.trampolines)
 .trampolines   0x0000005e        0x0 linker stubs
 *(.trampolines*)
                0x0000005e                __trampolines_end = .
 *libprintf_flt.a:*(.progmem.data)
 *libc.a:*(.progmem.data)
 *(.progmem*)
 .progmem.data.pow5Table16
                0x0000005e        0xa libs/conv.o
                0x0000005e                pow5Table16
 .progmem.data.pow3Table8
                0x00000068        0x3 libs/conv.o
                0x00000068                pow3Table8
 .progmem.data.Hexidecimal
                0x0000006b       0x11 libs/conv.o
                0x0000006b                Hexidecimal
 .progmem.data.crc8_table
                0x0000007c      0x100 libs/conv.o
                0x0000007c                crc8_table
 .progmem.data.ERROR_UNKNOWN_CMD
                0x0000017c       0x2b strings.o
                0x0000017c                ERROR_UNKNOWN_CMD
 .progmem.data.ERROR_CHANGE_VALUE_ACTIVE_CMD
                0x000001a7       0x2e strings.o
                0x000001a7                ERROR_CHANGE_VALUE_ACTIVE_CMD
 .progmem.data.ERROR_INVALID_VALUE_CMD
                0x000001d5       0x1f strings.o
                0x000001d5                ERROR_INVALID_VALUE_CMD
 .progmem.data.ERROR_UNCOMPLETE_CMD
                0x000001f4       0x2e strings.o
                0x000001f4                ERROR_UNCOMPLETE_CMD
 .progmem.data.ERROR_STR_TOO_LARGE
                0x00000222       0x13 strings.o
                0x00000222                ERROR_STR_TOO_LARGE
 .progmem.data.MSG_TFON_VALUE_CHANGED
                0x00000235       0x1d strings.o
                0x00000235                MSG_TFON_VALUE_CHANGED
 .progmem.data.MSG_TFOFF_VALUE_CHANGED
                0x00000252       0x1e strings.o
                0x00000252                MSG_TFOFF_VALUE_CHANGED
 .progmem.data.MSG_T_HYSTERESIS
                0x00000270       0x1b strings.o
                0x00000270                MSG_T_HYSTERESIS
 .progmem.data.MSG_OK
                0x0000028b        0xb strings.o
                0x0000028b                MSG_OK
 .progmem.data.CMD_ON
                0x00000296        0x3 strings.o
                0x00000296                CMD_ON
 .progmem.data.CMD_OFF
                0x00000299        0x4 strings.o
                0x00000299                CMD_OFF
 .progmem.data.CMD_SET_LOAD
                0x0000029d        0x5 strings.o
                0x0000029d                CMD_SET_LOAD
 .progmem.data.CMD_SET_TOFF
                0x000002a2        0x5 strings.o
                0x000002a2                CMD_SET_TOFF
 .progmem.data.CMD_SET_TFOFF
                0x000002a7        0x6 strings.o
                0x000002a7                CMD_SET_TFOFF
 .progmem.data.CMD_SET_TFON
                0x000002ad        0x5 strings.o
                0x000002ad                CMD_SET_TFON
 .progmem.data.CMD_SET
                0x000002b2        0x4 strings.o
                0x000002b2                CMD_SET
 .progmem.data.CMD_SAVE
                0x000002b6        0x5 strings.o
                0x000002b6                CMD_SAVE
 .progmem.data.CMD_LOAD
                0x000002bb        0x5 strings.o
                0x000002bb                CMD_LOAD
 .progmem.data.CMD_RESET
                0x000002c0        0x6 strings.o
                0x000002c0                CMD_RESET
 .progmem.data.CMD_INFO
                0x000002c6        0x5 strings.o
                0x000002c6                CMD_INFO
 .progmem.data.CMD_HELP
                0x000002cb        0x5 strings.o
                0x000002cb                CMD_HELP
 .progmem.data.HLP_STR11
                0x000002d0       0x22 strings.o
                0x000002d0                HLP_STR11
 .progmem.data.HLP_STR10
                0x000002f2       0x24 strings.o
                0x000002f2                HLP_STR10
 .progmem.data.HLP_STR9
                0x00000316       0x2c strings.o
                0x00000316                HLP_STR9
 .progmem.data.HLP_STR8
                0x00000342       0x21 strings.o
                0x00000342                HLP_STR8
 .progmem.data.HLP_STR7
                0x00000363       0x33 strings.o
                0x00000363                HLP_STR7
 .progmem.data.HLP_STR6
                0x00000396       0x27 strings.o
                0x00000396                HLP_STR6
 .progmem.data.HLP_STR5
                0x000003bd       0x28 strings.o
                0x000003bd                HLP_STR5
 .progmem.data.HLP_STR4
                0x000003e5       0x22 strings.o
                0x000003e5                HLP_STR4
 .progmem.data.HLP_STR3
                0x00000407       0x20 strings.o
                0x00000407                HLP_STR3
 .progmem.data.HLP_STR2
                0x00000427       0x30 strings.o
                0x00000427                HLP_STR2
 .progmem.data.HLP_STR1
                0x00000457       0x1d strings.o
                0x00000457                HLP_STR1
 .progmem.data.FW_STR13
                0x00000474        0x7 strings.o
                0x00000474                FW_STR13
 .progmem.data.FW_STR12
                0x0000047b        0x8 strings.o
                0x0000047b                FW_STR12
 .progmem.data.FW_STR11
                0x00000483        0x7 strings.o
                0x00000483                FW_STR11
 .progmem.data.FW_STR10
                0x0000048a       0x13 strings.o
                0x0000048a                FW_STR10
 .progmem.data.FW_STR9
                0x0000049d        0xd strings.o
                0x0000049d                FW_STR9
 .progmem.data.FW_STR8
                0x000004aa        0xc strings.o
                0x000004aa                FW_STR8
 .progmem.data.FW_STR7
                0x000004b6        0xa strings.o
                0x000004b6                FW_STR7
 .progmem.data.FW_STR6
                0x000004c0        0xc strings.o
                0x000004c0                FW_STR6
 .progmem.data.FW_STR5
                0x000004cc        0xa strings.o
                0x000004cc                FW_STR5
 .progmem.data.FW_STR4
                0x000004d6       0x13 strings.o
                0x000004d6                FW_STR4
 .progmem.data.FW_STR3
                0x000004e9       0x2d strings.o
                0x000004e9                FW_STR3
 .progmem.data.FW_STR2
                0x00000516       0x21 strings.o
                0x00000516                FW_STR2
 .progmem.data.FW_STR1
                0x00000537       0x1c strings.o
                0x00000537                FW_STR1
 .progmem.data.SLASH
                0x00000553        0x2 strings.o
                0x00000553                SLASH
 .progmem.data.PLUS
                0x00000555        0x2 strings.o
                0x00000555                PLUS
 .progmem.data.MINUS
                0x00000557        0x2 strings.o
                0x00000557                MINUS
 .progmem.data.UNKNOWN
                0x00000559        0x8 strings.o
                0x00000559                UNKNOWN
 .progmem.data.DS18S
                0x00000561        0x8 strings.o
                0x00000561                DS18S
 .progmem.data.DS18B
                0x00000569        0x8 strings.o
                0x00000569                DS18B
 .progmem.data.VS
                0x00000571        0x2 strings.o
                0x00000571                VS
 .progmem.data.RPM
                0x00000573        0x4 strings.o
                0x00000573                RPM
 .progmem.data.ON
                0x00000577        0x3 strings.o
                0x00000577                ON
 .progmem.data.OFF
                0x0000057a        0x4 strings.o
                0x0000057a                OFF
 .progmem.data.FAILED
                0x0000057e        0x7 strings.o
                0x0000057e                FAILED
 .progmem.data.CR
                0x00000585        0x3 strings.o
                0x00000585                CR
 .progmem.data.CONSOLE
                0x00000588        0x3 strings.o
                0x00000588                CONSOLE
 .progmem.data.CELS
                0x0000058b        0x3 strings.o
                0x0000058b                CELS
                0x0000058e                . = ALIGN (0x2)
 *(.jumptables)
 *(.jumptables*)
 *(.lowtext)
 *(.lowtext*)
                0x0000058e                __ctors_start = .
 *(.ctors)
                0x0000058e                __ctors_end = .
                0x0000058e                __dtors_start = .
 *(.dtors)
                0x0000058e                __dtors_end = .
 SORT(*)(.ctors)
 SORT(*)(.dtors)
 *(.init0)
 .init0         0x0000058e        0x0 C:/Program Files (x86)/Atmel/Studio/7.0/Packs/atmel/ATmega_DFP/1.2.209/gcc/dev/atmega8a/avr4/crtatmega8a.o
                0x0000058e                __init
 *(.init0)
 *(.init1)
 *(.init1)
 *(.init2)
 .init2         0x0000058e        0xc C:/Program Files (x86)/Atmel/Studio/7.0/Packs/atmel/ATmega_DFP/1.2.209/gcc/dev/atmega8a/avr4/crtatmega8a.o
 *(.init2)
 *(.init3)
 *(.init3)
 *(.init4)
 .init4         0x0000059a       0x10 c:/program files (x86)/atmel/studio/7.0/toolchain/avr8/avr8-gnu-toolchain/bin/../lib/gcc/avr/5.4.0/avr4\libgcc.a(_clear_bss.o)
                0x0000059a                __do_clear_bss
 *(.init4)
 *(.init5)
 *(.init5)
 *(.init6)
 *(.init6)
 *(.init7)
 *(.init7)
 *(.init8)
 *(.init8)
 *(.init9)
 .init9         0x000005aa        0x4 C:/Program Files (x86)/Atmel/Studio/7.0/Packs/atmel/ATmega_DFP/1.2.209/gcc/dev/atmega8a/avr4/crtatmega8a.o
 *(.init9)
 *(.text)
 .text          0x000005ae        0x2 C:/Program Files (x86)/Atmel/Studio/7.0/Packs/atmel/ATmega_DFP/1.2.209/gcc/dev/atmega8a/avr4/crtatmega8a.o
                0x000005ae                __bad_interrupt
                0x000005ae                __vector_6
                0x000005ae                __vector_13
                0x000005ae                __vector_17
                0x000005ae                __vector_7
                0x000005ae                __vector_5
                0x000005ae                __vector_4
                0x000005ae                __vector_9
                0x000005ae                __vector_2
                0x000005ae                __vector_15
                0x000005ae                __vector_8
                0x000005ae                __vector_14
                0x000005ae                __vector_10
                0x000005ae                __vector_16
                0x000005ae                __vector_18
                0x000005b0                . = ALIGN (0x2)
 *(.text.*)
 .text.UART_AddString
                0x000005b0       0x94 drivers/drv_UART.o
                0x000005b0                UART_AddString
 .text.UART_AddStringFromFlash
                0x00000644       0xa0 drivers/drv_UART.o
                0x00000644                UART_AddStringFromFlash
 .text.UART_TX_Service
                0x000006e4       0x5c drivers/drv_UART.o
                0x000006e4                UART_TX_Service
 .text.UART_RX_Service
                0x00000740       0x82 drivers/drv_UART.o
                0x00000740                UART_RX_Service
 .text.UART_RX_FlushBuffer
                0x000007c2        0xa drivers/drv_UART.o
                0x000007c2                UART_RX_FlushBuffer
 .text.FSM_BUTTON_Init
                0x000007cc        0xe fsms/button.o
                0x000007cc                FSM_BUTTON_Init
 .text.FSM_BUTTON_Process
                0x000007da       0x7e fsms/button.o
                0x000007da                FSM_BUTTON_Process
 .text.FSM_FAN_Init
                0x00000858       0x14 fsms/fan.o
                0x00000858                FSM_FAN_Init
 .text.FSM_FAN_RPM2String
                0x0000086c       0x44 fsms/fan.o
                0x0000086c                FSM_FAN_RPM2String
 .text.FSM_FAN_Process
                0x000008b0       0xec fsms/fan.o
                0x000008b0                FSM_FAN_Process
 .text.FSM_LEDS_Init
                0x0000099c        0xa fsms/leds.o
                0x0000099c                FSM_LEDS_Init
 .text.FSM_LEDS_Process
                0x000009a6      0x158 fsms/leds.o
                0x000009a6                FSM_LEDS_Process
 .text.FSM_OWS_Init
                0x00000afe        0x6 fsms/ows.o
                0x00000afe                FSM_OWS_Init
 .text.FSM_OWS_Process
                0x00000b04      0x1f6 fsms/ows.o
                0x00000b04                FSM_OWS_Process
 .text.FSM_SYSTEM_Init
                0x00000cfa       0x18 fsms/system.o
                0x00000cfa                FSM_SYSTEM_Init
 .text.FSM_SYSTEM_LoadEEPROM
                0x00000d12       0x44 fsms/system.o
                0x00000d12                FSM_SYSTEM_LoadEEPROM
 .text.FSM_SYSTEM_Process
                0x00000d56      0x382 fsms/system.o
                0x00000d56                FSM_SYSTEM_Process
 .text.FSM_DS18X20_Init
                0x000010d8        0xc fsms/ds18x20.o
                0x000010d8                FSM_DS18X20_Init
 .text.FSM_DS18X20_Process
                0x000010e4      0x1f0 fsms/ds18x20.o
                0x000010e4                FSM_DS18X20_Process
 .text.FSM_UART_Init
                0x000012d4        0x6 fsms/uart.o
                0x000012d4                FSM_UART_Init
 .text.FSM_UART_Process
                0x000012da      0x53c fsms/uart.o
                0x000012da                FSM_UART_Process
 .text.InitMessages
                0x00001816       0x2e libs/messages.o
                0x00001816                InitMessages
 .text.SendMessageWParam
                0x00001844       0x22 libs/messages.o
                0x00001844                SendMessageWParam
 .text.SendMessageWOParam
                0x00001866       0x1e libs/messages.o
                0x00001866                SendMessageWOParam
 .text.GetMessage
                0x00001884       0x22 libs/messages.o
                0x00001884                GetMessage
 .text.GetMessageParam
                0x000018a6       0x18 libs/messages.o
                0x000018a6                GetMessageParam
 .text.SendBCMessage
                0x000018be       0x14 libs/messages.o
                0x000018be                SendBCMessage
 .text.GetBCMessage
                0x000018d2       0x14 libs/messages.o
                0x000018d2                GetBCMessage
 .text.ProcessMessages
                0x000018e6       0x62 libs/messages.o
                0x000018e6                ProcessMessages
 .text.PARS_ParsStringFromBuffer
                0x00001948       0x78 libs/parser.o
                0x00001948                PARS_ParsStringFromBuffer
 .text.PARS_StrCmpF
                0x000019c0       0x3a libs/parser.o
                0x000019c0                PARS_StrCmpF
 .text.PARS_StrToUint8t
                0x000019fa       0x28 libs/parser.o
                0x000019fa                PARS_StrToUint8t
 .text.CRC8     0x00001a22        0xe libs/conv.o
                0x00001a22                CRC8
 .text.hex_to_ascii
                0x00001a30       0x2c libs/conv.o
                0x00001a30                hex_to_ascii
 .text.utoa_cycle_sub8
                0x00001a5c       0x84 libs/conv.o
                0x00001a5c                utoa_cycle_sub8
 .text.utoa_cycle_sub16
                0x00001ae0       0x7e libs/conv.o
                0x00001ae0                utoa_cycle_sub16
 .text.InitTimers
                0x00001b5e       0x1c libs/swtimers.o
                0x00001b5e                InitTimers
 .text.ProcessTimers
                0x00001b7a       0x3a libs/swtimers.o
                0x00001b7a                ProcessTimers
 .text.GetTimer
                0x00001bb4       0x12 libs/swtimers.o
                0x00001bb4                GetTimer
 .text.ResetTimer
                0x00001bc6       0x12 libs/swtimers.o
                0x00001bc6                ResetTimer
 .text.InitGPIO
                0x00001bd8       0x4c main.o
                0x00001bd8                InitGPIO
 .text.startup.main
                0x00001c24       0x2e main.o
                0x00001c24                main
 .text.__vector_3
                0x00001c52       0x22 main.o
                0x00001c52                __vector_3
 .text.__vector_1
                0x00001c74       0x32 main.o
                0x00001c74                __vector_1
 .text.__vector_11
                0x00001ca6       0x46 main.o
                0x00001ca6                __vector_11
 .text.__vector_12
                0x00001cec       0x46 main.o
                0x00001cec                __vector_12
 .text.avr-libc
                0x00001d32       0x20 C:/Program Files (x86)/Atmel/Studio/7.0/Packs/atmel/ATmega_DFP/1.2.209/gcc/dev/atmega8a/avr4\libatmega8a.a(eerd_block.o)
                0x00001d32                eeprom_read_block
                0x00001d36                eeprom_read_blraw
 .text.avr-libc
                0x00001d52       0x12 C:/Program Files (x86)/Atmel/Studio/7.0/Packs/atmel/ATmega_DFP/1.2.209/gcc/dev/atmega8a/avr4\libatmega8a.a(eewr_block.o)
                0x00001d52                eeprom_write_block
 .text.avr-libc
                0x00001d64       0x1a C:/Program Files (x86)/Atmel/Studio/7.0/Packs/atmel/ATmega_DFP/1.2.209/gcc/dev/atmega8a/avr4\libatmega8a.a(eewr_byte.o)
                0x00001d64                eeprom_write_byte
                0x00001d66                eeprom_write_r18
                0x00001d7e                . = ALIGN (0x2)
 *(.fini9)
 .fini9         0x00001d7e        0x0 c:/program files (x86)/atmel/studio/7.0/toolchain/avr8/avr8-gnu-toolchain/bin/../lib/gcc/avr/5.4.0/avr4\libgcc.a(_exit.o)
                0x00001d7e                _exit
                0x00001d7e                exit
 *(.fini9)
 *(.fini8)
 *(.fini8)
 *(.fini7)
 *(.fini7)
 *(.fini6)
 *(.fini6)
 *(.fini5)
 *(.fini5)
 *(.fini4)
 *(.fini4)
 *(.fini3)
 *(.fini3)
 *(.fini2)
 *(.fini2)
 *(.fini1)
 *(.fini1)
 *(.fini0)
 .fini0         0x00001d7e        0x4 c:/program files (x86)/atmel/studio/7.0/toolchain/avr8/avr8-gnu-toolchain/bin/../lib/gcc/avr/5.4.0/avr4\libgcc.a(_exit.o)
 *(.fini0)
                0x00001d82                _etext = .

.data           0x00800060        0x0 load address 0x00001d82
                [!provide]                PROVIDE (__data_start, .)
 *(.data)
 *(.data*)
 *(.gnu.linkonce.d*)
 *(.rodata)
 *(.rodata*)
 *(.gnu.linkonce.r*)
                0x00800060                . = ALIGN (0x2)
                0x00800060                _edata = .
                [!provide]                PROVIDE (__data_end, .)

.bss            0x00800060      0x2c5
                0x00800060                PROVIDE (__bss_start, .)
 *(.bss)
 *(.bss*)
 .bss.uart_p_send
                0x00800060        0x2 drivers/drv_UART.o
                0x00800060                uart_p_send
 .bss.uart_p_write
                0x00800062        0x2 drivers/drv_UART.o
                0x00800062                uart_p_write
 .bss.uart_tx_queue_length
                0x00800064        0x2 drivers/drv_UART.o
                0x00800064                uart_tx_queue_length
 .bss.uart_rx_buff_tail
                0x00800066        0x1 drivers/drv_UART.o
                0x00800066                uart_rx_buff_tail
 .bss.uart_rx_queue_length
                0x00800067        0x1 drivers/drv_UART.o
                0x00800067                uart_rx_queue_length
 .bss.UART_RX_STATE
                0x00800068        0x1 drivers/drv_UART.o
                0x00800068                UART_RX_STATE
 .bss.button    0x00800069        0x3 fsms/button.o
 .bss.FSM_state
                0x0080006c        0x1 fsms/button.o
 .bss.FSM_state
                0x0080006d        0x1 fsms/fan.o
 .bss.led_params
                0x0080006e        0x2 fsms/leds.o
 .bss.led_bitmap
                0x00800070        0x1 fsms/leds.o
 .bss.FSM_state
                0x00800071        0x1 fsms/leds.o
 .bss.p_buff    0x00800072        0x2 fsms/ows.o
 .bss.i         0x00800074        0x1 fsms/ows.o
 .bss.curr_crc8
                0x00800075        0x1 fsms/ows.o
 .bss.curr_byte
                0x00800076        0x1 fsms/ows.o
 .bss.FSM_state
                0x00800077        0x1 fsms/ows.o
 .bss.fan_retry_count
                0x00800078        0x1 fsms/system.o
 .bss.led_params
                0x00800079        0x5 fsms/system.o
 .bss.FSM_state
                0x0080007e        0x1 fsms/system.o
 .bss.sensor_type
                0x0080007f        0x1 fsms/ds18x20.o
 .bss.FSM_state
                0x00800080        0x1 fsms/ds18x20.o
 .bss.v_max     0x00800081        0x1 fsms/uart.o
 .bss.v_min     0x00800082        0x1 fsms/uart.o
 .bss.FSM_state
                0x00800083        0x1 fsms/uart.o
 .bss.Timers    0x00800084        0xe libs/swtimers.o
 .bss.systick   0x00800092        0x1 main.o
 *(COMMON)
 COMMON         0x00800093      0x208 drivers/drv_UART.o
                0x00800093                uart_tx_buffer
                0x00800287                uart_rx_buffer
 COMMON         0x0080029b       0x3c global_vars.o
                0x0080029b                fan
                0x008002a7                tsens
                0x008002b7                device
                0x008002be                ows
 COMMON         0x008002d7       0x34 libs/messages.o
                0x008002d7                BroadcastMessages
                0x008002db                Messages
 COMMON         0x0080030b       0x1a libs/parser.o
                0x0080030b                pars_buffer
                0x0080031f                words
                0x00800325                PROVIDE (__bss_end, .)
                0x00001d82                __data_load_start = LOADADDR (.data)
                0x00001d82                __data_load_end = (__data_load_start + SIZEOF (.data))

.noinit         0x00800325        0x0
                [!provide]                PROVIDE (__noinit_start, .)
 *(.noinit*)
                [!provide]                PROVIDE (__noinit_end, .)
                0x00800325                _end = .
                [!provide]                PROVIDE (__heap_start, .)

.eeprom         0x00810000        0x3
 *(.eeprom*)
 .eeprom        0x00810000        0x3 fsms/system.o
                0x00810000                EE_values
                0x00810003                __eeprom_end = .

.fuse
 *(.fuse)
 *(.lfuse)
 *(.hfuse)
 *(.efuse)

.lock
 *(.lock*)

.signature
 *(.signature*)

.user_signatures
 *(.user_signatures*)

.stab
 *(.stab)

.stabstr
 *(.stabstr)

.stab.excl
 *(.stab.excl)

.stab.exclstr
 *(.stab.exclstr)

.stab.index
 *(.stab.index)

.stab.indexstr
 *(.stab.indexstr)

.comment        0x00000000       0x30
 *(.comment)
 .comment       0x00000000       0x30 drivers/drv_UART.o
                                 0x31 (size before relaxing)
 .comment       0x00000030       0x31 fsms/button.o
 .comment       0x00000030       0x31 fsms/fan.o
 .comment       0x00000030       0x31 fsms/leds.o
 .comment       0x00000030       0x31 fsms/ows.o
 .comment       0x00000030       0x31 fsms/system.o
 .comment       0x00000030       0x31 fsms/ds18x20.o
 .comment       0x00000030       0x31 fsms/uart.o
 .comment       0x00000030       0x31 global_vars.o
 .comment       0x00000030       0x31 libs/messages.o
 .comment       0x00000030       0x31 libs/parser.o
 .comment       0x00000030       0x31 libs/conv.o
 .comment       0x00000030       0x31 libs/swtimers.o
 .comment       0x00000030       0x31 main.o
 .comment       0x00000030       0x31 strings.o

.note.gnu.avr.deviceinfo
                0x00000000       0x3c
 .note.gnu.avr.deviceinfo
                0x00000000       0x3c C:/Program Files (x86)/Atmel/Studio/7.0/Packs/atmel/ATmega_DFP/1.2.209/gcc/dev/atmega8a/avr4/crtatmega8a.o

.note.gnu.build-id
 *(.note.gnu.build-id)

.debug
 *(.debug)

.line
 *(.line)

.debug_srcinfo
 *(.debug_srcinfo)

.debug_sfnames
 *(.debug_sfnames)

.debug_aranges  0x00000000       0x60
 *(.debug_aranges)
 .debug_aranges
                0x00000000       0x20 C:/Program Files (x86)/Atmel/Studio/7.0/Packs/atmel/ATmega_DFP/1.2.209/gcc/dev/atmega8a/avr4\libatmega8a.a(eerd_block.o)
 .debug_aranges
                0x00000020       0x20 C:/Program Files (x86)/Atmel/Studio/7.0/Packs/atmel/ATmega_DFP/1.2.209/gcc/dev/atmega8a/avr4\libatmega8a.a(eewr_block.o)
 .debug_aranges
                0x00000040       0x20 C:/Program Files (x86)/Atmel/Studio/7.0/Packs/atmel/ATmega_DFP/1.2.209/gcc/dev/atmega8a/avr4\libatmega8a.a(eewr_byte.o)

.debug_pubnames
 *(.debug_pubnames)

.debug_info     0x00000000      0x68c
 *(.debug_info .gnu.linkonce.wi.*)
 .debug_info    0x00000000      0x48c C:/Program Files (x86)/Atmel/Studio/7.0/Packs/atmel/ATmega_DFP/1.2.209/gcc/dev/atmega8a/avr4/crtatmega8a.o
 .debug_info    0x0000048c       0xab C:/Program Files (x86)/Atmel/Studio/7.0/Packs/atmel/ATmega_DFP/1.2.209/gcc/dev/atmega8a/avr4\libatmega8a.a(eerd_block.o)
 .debug_info    0x00000537       0xab C:/Program Files (x86)/Atmel/Studio/7.0/Packs/atmel/ATmega_DFP/1.2.209/gcc/dev/atmega8a/avr4\libatmega8a.a(eewr_block.o)
 .debug_info    0x000005e2       0xaa C:/Program Files (x86)/Atmel/Studio/7.0/Packs/atmel/ATmega_DFP/1.2.209/gcc/dev/atmega8a/avr4\libatmega8a.a(eewr_byte.o)

.debug_abbrev   0x00000000      0x48a
 *(.debug_abbrev)
 .debug_abbrev  0x00000000      0x44e C:/Program Files (x86)/Atmel/Studio/7.0/Packs/atmel/ATmega_DFP/1.2.209/gcc/dev/atmega8a/avr4/crtatmega8a.o
 .debug_abbrev  0x0000044e       0x14 C:/Program Files (x86)/Atmel/Studio/7.0/Packs/atmel/ATmega_DFP/1.2.209/gcc/dev/atmega8a/avr4\libatmega8a.a(eerd_block.o)
 .debug_abbrev  0x00000462       0x14 C:/Program Files (x86)/Atmel/Studio/7.0/Packs/atmel/ATmega_DFP/1.2.209/gcc/dev/atmega8a/avr4\libatmega8a.a(eewr_block.o)
 .debug_abbrev  0x00000476       0x14 C:/Program Files (x86)/Atmel/Studio/7.0/Packs/atmel/ATmega_DFP/1.2.209/gcc/dev/atmega8a/avr4\libatmega8a.a(eewr_byte.o)

.debug_line     0x00000000      0x2cc
 *(.debug_line .debug_line.* .debug_line_end)
 .debug_line    0x00000000      0x109 C:/Program Files (x86)/Atmel/Studio/7.0/Packs/atmel/ATmega_DFP/1.2.209/gcc/dev/atmega8a/avr4/crtatmega8a.o
 .debug_line    0x00000109       0xab C:/Program Files (x86)/Atmel/Studio/7.0/Packs/atmel/ATmega_DFP/1.2.209/gcc/dev/atmega8a/avr4\libatmega8a.a(eerd_block.o)
 .debug_line    0x000001b4       0x80 C:/Program Files (x86)/Atmel/Studio/7.0/Packs/atmel/ATmega_DFP/1.2.209/gcc/dev/atmega8a/avr4\libatmega8a.a(eewr_block.o)
 .debug_line    0x00000234       0x98 C:/Program Files (x86)/Atmel/Studio/7.0/Packs/atmel/ATmega_DFP/1.2.209/gcc/dev/atmega8a/avr4\libatmega8a.a(eewr_byte.o)

.debug_frame
 *(.debug_frame)

.debug_str      0x00000000      0x17a
 *(.debug_str)
 .debug_str     0x00000000      0x17a C:/Program Files (x86)/Atmel/Studio/7.0/Packs/atmel/ATmega_DFP/1.2.209/gcc/dev/atmega8a/avr4/crtatmega8a.o

.debug_loc
 *(.debug_loc)

.debug_macinfo
 *(.debug_macinfo)

.debug_weaknames
 *(.debug_weaknames)

.debug_funcnames
 *(.debug_funcnames)

.debug_typenames
 *(.debug_typenames)

.debug_varnames
 *(.debug_varnames)

.debug_pubtypes
 *(.debug_pubtypes)

.debug_ranges
 *(.debug_ranges)

.debug_macro
 *(.debug_macro)
OUTPUT(TProtect.elf elf32-avr)
LOAD linker stubs
